../Core/Src/main.c:70:6:print	16	static
../Core/Src/main.c:77:13:handleAdcDmaError	8	static
../Core/Src/main.c:99:6:HAL_ADC_ConvCpltCallback	16	static
../Core/Src/main.c:104:6:HAL_ADC_ErrorCallback	16	static
../Core/Src/main.c:115:5:main	24	static
../Core/Src/main.c:190:6:SystemClock_Config	88	static
../Core/Src/main.c:236:13:MX_ADC1_Init	24	static
../Core/Src/main.c:315:13:MX_I2C1_Init	8	static
../Core/Src/main.c:347:13:MX_DMA_Init	16	static
../Core/Src/main.c:365:13:MX_GPIO_Init	48	static
../Core/Src/main.c:401:6:Error_Handler	4	static,ignoring_inline_asm
