../Core/Src/main.c:91:6:print	3
../Core/Src/main.c:107:6:HAL_ADC_ConvCpltCallback	2
../Core/Src/main.c:112:6:HAL_ADC_ErrorCallback	2
../Core/Src/main.c:123:5:main	1
../Core/Src/main.c:219:6:SystemClock_Config	3
../Core/Src/main.c:265:13:MX_ADC1_Init	6
../Core/Src/main.c:344:13:MX_I2C1_Init	2
../Core/Src/main.c:376:13:MX_DMA_Init	1
../Core/Src/main.c:394:13:MX_GPIO_Init	1
../Core/Src/main.c:433:6:StartDefaultTask	3
../Core/Src/main.c:464:6:task1	2
../Core/Src/main.c:503:6:task2	1
../Core/Src/main.c:524:6:HAL_TIM_PeriodElapsedCallback	2
../Core/Src/main.c:542:6:Error_Handler	1
