../Core/Src/main.c:91:6:print	24	static
../Core/Src/main.c:107:6:HAL_ADC_ConvCpltCallback	16	static
../Core/Src/main.c:112:6:HAL_ADC_ErrorCallback	16	static
../Core/Src/main.c:123:5:main	8	static
../Core/Src/main.c:219:6:SystemClock_Config	88	static
../Core/Src/main.c:265:13:MX_ADC1_Init	24	static
../Core/Src/main.c:344:13:MX_I2C1_Init	8	static
../Core/Src/main.c:376:13:MX_DMA_Init	16	static
../Core/Src/main.c:394:13:MX_GPIO_Init	48	static
../Core/Src/main.c:433:6:StartDefaultTask	32	static
../Core/Src/main.c:464:6:task1	24	static
../Core/Src/main.c:503:6:task2	16	static
../Core/Src/main.c:524:6:HAL_TIM_PeriodElapsedCallback	16	static
../Core/Src/main.c:542:6:Error_Handler	4	static,ignoring_inline_asm
