../Core/Src/main.c:150:6:print	24	static
../Core/Src/main.c:177:6:HAL_ADC_ConvCpltCallback	16	static
../Core/Src/main.c:184:6:AppLog	144	static
../Core/Src/main.c:208:6:HAL_ADC_ErrorCallback	16	static
../Core/Src/main.c:227:5:main	8	static
../Core/Src/main.c:345:6:SystemClock_Config	88	static
../Core/Src/main.c:391:13:MX_ADC1_Init	24	static
../Core/Src/main.c:470:13:MX_I2C1_Init	8	static
../Core/Src/main.c:504:13:MX_TIM3_Init	32	static
../Core/Src/main.c:547:13:MX_DMA_Init	16	static
../Core/Src/main.c:565:13:MX_GPIO_Init	48	static
../Core/Src/main.c:604:6:StartDefaultTask	16	static
../Core/Src/main.c:621:6:startADC	176	static
../Core/Src/main.c:687:6:StartDisplay	80	static
../Core/Src/main.c:762:6:StartLogger	152	static
../Core/Src/main.c:810:6:StartLow	24	static
../Core/Src/main.c:835:6:HAL_TIM_PeriodElapsedCallback	16	static
../Core/Src/main.c:853:6:Error_Handler	4	static,ignoring_inline_asm
