../Core/Src/main.c:150:6:print	3
../Core/Src/main.c:177:6:HAL_ADC_ConvCpltCallback	2
../Core/Src/main.c:184:6:AppLog	1
../Core/Src/main.c:208:6:HAL_ADC_ErrorCallback	2
../Core/Src/main.c:227:5:main	1
../Core/Src/main.c:345:6:SystemClock_Config	3
../Core/Src/main.c:391:13:MX_ADC1_Init	6
../Core/Src/main.c:470:13:MX_I2C1_Init	2
../Core/Src/main.c:504:13:MX_TIM3_Init	4
../Core/Src/main.c:547:13:MX_DMA_Init	1
../Core/Src/main.c:565:13:MX_GPIO_Init	1
../Core/Src/main.c:604:6:StartDefaultTask	0
../Core/Src/main.c:621:6:startADC	4
../Core/Src/main.c:687:6:StartDisplay	4
../Core/Src/main.c:762:6:StartLogger	5
../Core/Src/main.c:810:6:StartLow	1
../Core/Src/main.c:835:6:HAL_TIM_PeriodElapsedCallback	2
../Core/Src/main.c:853:6:Error_Handler	1
